Last login: Wed Jun  5 17:05:47 on ttys004
midori@komatsunoMacBook-Pro ~ % cd /Users/midori/Desktop
midori@komatsunoMacBook-Pro Desktop %  mkdir git_challenge
midori@komatsunoMacBook-Pro Desktop % cd git_challenge
midori@komatsunoMacBook-Pro git_challenge % git init
Initialized empty Git repository in /Users/midori/Desktop/git_challenge/.git/
midori@komatsunoMacBook-Pro git_challenge % git add hello_world.txt
midori@komatsunoMacBook-Pro git_challenge % git commit -m "最初のコミット"
[main (root-commit) e9e359d] 最初のコミット
 1 file changed, 1 insertion(+)
 create mode 100644 hello_world.txt
midori@komatsunoMacBook-Pro git_challenge % git add　hello_world.txt
git: 'add　hello_world.txt' is not a git command. See 'git --help'.
midori@komatsunoMacBook-Pro git_challenge % git add hello_world.txt
midori@komatsunoMacBook-Pro git_challenge % git commit -m "日本語訳を追記"
[main 97a016c] 日本語訳を追記
 1 file changed, 2 insertions(+), 1 deletion(-)
midori@komatsunoMacBook-Pro git_challenge % git log
commit 97a016cc27435a3df857b53378d40fae4414490c (HEAD -> main)
Author: ‘mido1345’ <“mido.cla.v3v@gmail.com”>
Date:   Wed Jun 5 17:16:45 2024 +0900

    日本語訳を追記

commit e9e359d032ba1bc1074257a004d4c112d8dd62ff
Author: ‘mido1345’ <“mido.cla.v3v@gmail.com”>
Date:   Wed Jun 5 17:13:04 2024 +0900

    最初のコミット
midori@komatsunoMacBook-Pro git_challenge % 